// Jest Snapshot v1, https://goo.gl/fbAQLP

exports[`App renders correctly 1`] = `
<div
  className="ui container"
>
  <div
    className="ui segment rootSegment"
  >
    <Header
      loadBlockInformation={[Function]}
      loading={false}
    />
    <List
      blockList={Array []}
      errorMsg=""
      loading={false}
    />
  </div>
</div>
`;
